<html>
<body>
<pre>
<h1>µVision Build Log</h1>
<h2>Project:</h2>
C:\Users\Jesus Luciano\Desktop\CECS447_Project2\CECS447\BT_Car\BT_Car.uvproj
Project File Date:  05/06/2019

<h2>Output:</h2>
Rebuild target 'UART'
assembling startup.s...
compiling PLL.c...
compiling UART.c...
compiling UARTTestMain.c...
UARTTestMain.c(73): warning:  #550-D: variable "delay" was set but never used
  void PortA_Init(){ unsigned long delay;
UARTTestMain.c(113): warning:  #550-D: variable "delay" was set but never used
  void PortB_Init(){ unsigned long delay;
UARTTestMain.c(129): warning:  #550-D: variable "delay" was set but never used
  void PortC_Init(){ unsigned long delay;
UARTTestMain.c(142): warning:  #550-D: variable "delay" was set but never used
  void PortF_Init(){ unsigned long delay;//for LED debugging
UARTTestMain.c: 4 warnings, 0 errors
linking...
Program Size: Code=2224 RO-data=32 RW-data=296 ZI-data=1120  
".\UART.axf" - 0 Error(s), 4 Warning(s).
Load "C:\\Users\\Jesus Luciano\\Desktop\\CECS447_Project2\\CECS447\\BT_Car\\UART.axf" 
Connecting: Mode=JTAG, Speed=1000000Hz
Erase Done.
Programming Done.
Verify OK.
</pre>
</body>
</html>
