<html>
<body>
<pre>
<h1>µVision Build Log</h1>
<h2>Project:</h2>
C:\Users\Jesus Luciano\Desktop\CECS447_Project2\CECS447\project_2_updated\PROJECT 2\CECS447Project2.uvproj
Project File Date:  05/06/2019

<h2>Output:</h2>
Rebuild target 'UART'
assembling startup.s...
compiling PLL.c...
compiling UART.c...
compiling UARTTestMain.c...
UARTTestMain.c(24): warning:  #1295-D: Deprecated declaration PortA_Init - give arg types
  void PortA_Init();
UARTTestMain.c(25): warning:  #1295-D: Deprecated declaration Timer0_Init - give arg types
  void Timer0_Init();
UARTTestMain.c(26): warning:  #1295-D: Deprecated declaration LED_off - give arg types
  void LED_off();
UARTTestMain.c(27): warning:  #1295-D: Deprecated declaration LED_on - give arg types
  void LED_on();
UARTTestMain.c(200): warning:  #550-D: variable "delay" was set but never used
  void PortC_Init(){ unsigned long delay;
UARTTestMain.c(215): warning:  #550-D: variable "delay" was set but never used
  void PortA_Init(){ unsigned long delay;
UARTTestMain.c: 6 warnings, 0 errors
linking...
Program Size: Code=2868 RO-data=32 RW-data=316 ZI-data=1124  
".\UART.axf" - 0 Error(s), 6 Warning(s).
Load "C:\\Users\\Jesus Luciano\\Desktop\\CECS447_Project2\\CECS447\\project_2_updated\\PROJECT 2\\UART.axf" 
Connecting: Mode=JTAG, Speed=1000000Hz
Erase Done.
Programming Done.
Verify OK.
</pre>
</body>
</html>
