<html>
<body>
<pre>
<h1>µVision Build Log</h1>
<h2>Project:</h2>
C:\Users\Jesus Luciano\Desktop\CECS447 LAB 4\CECS447 LAB 4.uvproj
Project File Date:  05/09/2019

<h2>Output:</h2>
Rebuild target 'UART'
assembling startup.s...
compiling PLL.c...
compiling lab2_graphics.c...
compiling ST7735.c...
compiling walking.c...
linking...
Program Size: Code=3156 RO-data=2052 RW-data=80 ZI-data=2168  
".\UART.axf" - 0 Error(s), 0 Warning(s).
Load "C:\\Users\\Jesus Luciano\\Desktop\\CECS447 LAB 4\\UART.axf" 
Connecting: Mode=JTAG, Speed=1000000Hz
Erase Done.
Programming Done.
Verify OK.

