<html>
<body>
<pre>
<h1>µVision Build Log</h1>
<h2>Project:</h2>
C:\Users\Jesus Luciano\Desktop\CECS447_Project2\CECS447\FINAL_IR_Receiver\CECS447 LAB 4.uvproj
Project File Date:  05/09/2019

<h2>Output:</h2>
Rebuild target 'UART'
assembling startup.s...
compiling PLL.c...
compiling lab2_graphics.c...
compiling ST7735.c...
compiling walking.c...
linking...
Program Size: Code=3268 RO-data=2076 RW-data=64 ZI-data=5120  
".\UART.axf" - 0 Error(s), 0 Warning(s).
Load "C:\\Users\\Jesus Luciano\\Desktop\\CECS447_Project2\\CECS447\\FINAL_IR_Receiver\\UART.axf" 
Connecting: Mode=JTAG, Speed=1000000Hz
Erase Done.
Programming Done.
Verify OK.
