<html>
<body>
<pre>
<h1>µVision Build Log</h1>
<h2>Project:</h2>
C:\Users\Jesus Luciano\Desktop\CECS447_Project2\CECS447\IR_Station_modified\IR_Station.uvproj
Project File Date:  05/03/2019

<h2>Output:</h2>
Rebuild target 'UART'
assembling startup.s...
compiling PLL.c...
compiling UART.c...
compiling UARTTestMain.c...
UARTTestMain.c(166): warning:  #177-D: variable "state" was declared but never referenced
        int state = 0;
UARTTestMain.c: 1 warning, 0 errors
linking...
Program Size: Code=1936 RO-data=32 RW-data=32 ZI-data=2168  
".\UART.axf" - 0 Error(s), 1 Warning(s).
Load "C:\\Users\\Jesus Luciano\\Desktop\\CECS447_Project2\\CECS447\\IR_Station_modified\\UART.axf" 
Connecting: Mode=JTAG, Speed=1000000Hz
Erase Done.
Programming Done.
Verify OK.
</pre>
</body>
</html>
